tmp/pull_prod_alerts.sh: line 32: [: 0
0: integer expected
2026-04-30T00: cached (empty window)
tmp/pull_prod_alerts.sh: line 32: [: 0
0: integer expected
2026-done (~1 rows)
2026-04-30T18: pulling... (busy) (busy) (busy) done (~1 rows)
2026-05-01T00: pulling... (busy) (busy) done (~1 rows)
2026-05-01T06: pulling... (busy) (busy) (busy) done (~1 rows)
2026-05-01T12: pulling... (busy) (busy) done (~1 rows)
2026-05-01T18: pulling... (busy) (busy) (busy) (busy) done (~1 rows)
2026-05-02T00: pulling... (busy) (busy) done (~1 rows)
2026-05-02T06: pulling... (busy) (busy) done (~1 rows)
2026-05-02T12: pulling... done (~1 rows)
2026-05-02T18: pulling... (busy) (busy) done (~1 rows)
2026-05-03T00: pulling... (busy) (busy) (busy) (busy) done (~1 rows)
2026-05-03T06: pulling... done (~1 rows)
2026-05-03T12: pulling... done (~1 rows)
2026-05-03T18: pulling... done (~1 rows)
2026-05-04T00: pulling... done (~1 rows)
2026-05-04T06: pulling... done (~1 rows)
2026-05-04T12: pulling... done (~1 rows)
2026-05-04T18: pulling... done (~1 rows)
2026-05-05T00: pulling... done (~1 rows)
2026-05-05T06: pulling... done (~1 rows)
2026-05-05T12: pulling... done (~1 rows)
2026-05-05T18: pulling... done (~1 rows)
2026-05-06T00: pulling... done (~1 rows)
2026-05-06T06: pulling... done (~1 rows)
2026-05-06T12: pulling... done (~1 rows)
2026-05-06T18: pulling... done (~1 rows)
2026-05-07T00: pulling... done (~1 rows)
2026-05-07T06: pulling... done (~1 rows)
2026-05-07T12: pulling... done (~1 rows)
2026-05-07T18: pulling... done (~1 rows)
2026-05-08T00: pulling... done (~1 rows)
2026-05-08T06: pulling... done (~1 rows)
2026-05-08T12: pulling... done (~1 rows)
2026-05-08T18: pulling... done (~1 rows)
2026-05-09T00: pulling... done (~1 rows)
2026-05-09T06: pulling... done (~1 rows)
2026-05-09T12: pulling... done (~1 rows)
2026-05-09T18: pulling... done (~1 rows)
2026-05-10T00: pulling... done (~1 rows)
2026-05-10T06: pulling... done (~1 rows)
2026-05-10T12: pulling... done (~1 rows)
2026-05-10T18: pulling... done (~1 rows)
2026-05-11T00: pulling... done (~1 rows)
2026-05-11T06: pulling... done (~1 rows)
2026-05-11T12: pulling... done (~1 rows)
2026-05-11T18: pulling... done (~1 rows)
2026-05-12T00: pulling... done (~1 rows)
2026-05-12T06: pulling... done (~1 rows)
2026-05-12T12: pulling... done (~1 rows)
2026-05-12T18: pulling... done (~1 rows)
2026-05-13T00: pulling... done (~1 rows)
2026-05-13T06: pulling... done (~1 rows)
2026-05-13T12: pulling... done (~1 rows)
2026-05-13T18: pulling... done (~1 rows)
2026-05-14T00: pulling... done (~1 rows)
2026-05-14T06: pulling... done (~1 rows)
2026-05-14T12: pulling... done (~1 rows)
2026-05-14T18: pulling... done (~1 rows)
2026-05-15T00: pulling... done (~1 rows)
2026-05-15T06: pulling... TRUNCATED — first chars: llow_x|BTCUSDT.P|803
2026-05-15T12: pulling... done (~1 rows)
2026-05-15T18: pulling... done (~1 rows)
2026-05-16T00: pulling... done (~1 rows)
2026-05-16T06: pulling... TRUNCATED — first chars: |mc_a_bluetriangle|B
2026-05-16T12: pulling... done (~1 rows)
2026-05-16T18: pulling... done (~1 rows)
2026-05-17T00: pulling... done (~1 rows)
2026-05-17T06: pulling... done (~1 rows)
2026-05-17T12: pulling... TRUNCATED — first chars: 8333.8|3\n2026-05-17
2026-05-17T18: pulling... TRUNCATED — first chars: ear_flip|BTCUSDT.P|7
tmp/pull_prod_alerts.sh: line 56: syntax error near unexpected token `)'
tmp/pull_prod_alerts.sh: line 56: `scripts "$SQL" 2>&1)'
